<?xml version="1.0"?>
<testsuites>
  <testsuite name="PhantomJS 1.9.8 (Linux 0.0.0)" package="karma-jenkins-test" timestamp="2015-12-18T02:55:16" id="0" hostname="centos-nodejs-dev" make_target="undefined" tests="1" errors="0" failures="0" time="0.016">
    <properties>
      <property name="browser.fullName" value="Mozilla/5.0 (Unknown; Linux x86_64) AppleWebKit/534.34 (KHTML, like Gecko) PhantomJS/1.9.8 Safari/534.34"/>
    </properties>
    <testcase name="should attach a list of things to the scope" time="0.016" classname="..browser-test" package="karma-jenkins-test PhantomJS 1.9.8 (Linux 0.0.0)" parentSuites="Controller: MainCtrl"/>
    <system-out><![CDATA[
]]></system-out>
    <system-err/>
  </testsuite>
</testsuites>
